[38;2;58;58;58m╭────────────────────────────────────────────────────────────────────────────╮[0m
[38;2;58;58;58m│[0m [1;38;2;30;215;96mStrobe[0m                                                                     [38;2;58;58;58m│[0m
[38;2;58;58;58m│[0m [38;2;211;211;211mdeadmau5[0m[3;38;2;121;121;121m · [0m[3;38;2;121;121;121mFor Lack of a Better Name[0m                                       [38;2;58;58;58m│[0m
[38;2;58;58;58m│[0m                                                                            [38;2;58;58;58m│[0m
[38;2;58;58;58m│[0m [38;2;30;215;96m⠀⠀⠀⠀⠀⠀⠀⠀⠀⠀⠀⠀⠀⠀⠀⠀⠀⠀⠀⠀[0m                                                       [38;2;58;58;58m│[0m
[38;2;58;58;58m│[0m [38;2;30;215;96m⠀⠀⠀⠀⠀⠀⠀⠀⠀⠀⠀⠀⠀⠀⠀⠀⠀⠀⠀⠀[0m                                                       [38;2;58;58;58m│[0m
[38;2;58;58;58m│[0m [38;2;30;215;96m━━━━━━━━━━━━━[0m[38;2;89;89;89m───────────────────────────────────────────────────────────[0m[38;2;121;121;121m[m   [38;2;58;58;58m│[0m
[38;2;58;58;58m│[0m [38;2;121;121;121m2:00 / 10:34[0m                                                               [38;2;58;58;58m│[0m
[38;2;58;58;58m│[0m [38;2;30;215;96m[PLAYING]  vol 72  stub[0m                                                    [38;2;58;58;58m│[0m
[38;2;58;58;58m│[0m                                                                            [38;2;58;58;58m│[0m
[38;2;58;58;58m│[0m [38;2;121;121;121mspace play/pause · n/p track · / search · l like · t theme · v viz[m         [38;2;58;58;58m│[0m
[38;2;58;58;58m│[0m [38;2;121;121;121m[equalizer] · q quit[0m                                                       [38;2;58;58;58m│[0m
[38;2;58;58;58m╰────────────────────────────────────────────────────────────────────────────╯[0m