[38;2;89;113;65m╭────────────────────────────────────────────────────────────────────────────╮[0m
[38;2;89;113;65m│[0m [1;38;2;184;211;154m(nothing playing)[0m                                                          [38;2;89;113;65m│[0m
[38;2;89;113;65m│[0m [38;2;168;201;137m[0m                                                                           [38;2;89;113;65m│[0m
[38;2;89;113;65m│[0m [3;38;2;107;131;84m[0m                                                                           [38;2;89;113;65m│[0m
[38;2;89;113;65m│[0m                                                                            [38;2;89;113;65m│[0m
[38;2;89;113;65m│[0m [38;2;60;79;43m────────────────────────────────────────────────────────────────────────[0m   [38;2;89;113;65m│[0m
[38;2;89;113;65m│[0m [38;2;184;211;154m[STOPPED]  vol 80  stub[0m                                                    [38;2;89;113;65m│[0m
[38;2;89;113;65m│[0m                                                                            [38;2;89;113;65m│[0m
[38;2;89;113;65m│[0m [38;2;107;131;84mspace play/pause · n next · p prev · t theme (matrix) · q quit[0m             [38;2;89;113;65m│[0m
[38;2;89;113;65m╰────────────────────────────────────────────────────────────────────────────╯[0m