[38;2;89;113;65m╭────────────────────────────────────────────────────────────────────────────╮[0m
[38;2;89;113;65m│[0m [1;38;2;184;211;154m(nothing playing)[0m                                                          [38;2;89;113;65m│[0m
[38;2;89;113;65m│[0m                                                                            [38;2;89;113;65m│[0m
[38;2;89;113;65m│[0m                                                                            [38;2;89;113;65m│[0m
[38;2;89;113;65m│[0m [38;2;184;211;154m⠀⠀⠀⠀⠀⠀⠀⠀⠀⠀⠀⠀⠀⠀⠀⠀⠀⠀⠀⠀[0m                                                       [38;2;89;113;65m│[0m
[38;2;89;113;65m│[0m [38;2;184;211;154m⠀⠀⠀⠀⠀⠀⠀⠀⠀⠀⠀⠀⠀⠀⠀⠀⠀⠀⠀⠀[0m                                                       [38;2;89;113;65m│[0m
[38;2;89;113;65m│[0m [38;2;60;79;43m────────────────────────────────────────────────────────────────────────[0m   [38;2;89;113;65m│[0m
[38;2;89;113;65m│[0m [38;2;184;211;154m[STOPPED]  vol 80  stub[0m                                                    [38;2;89;113;65m│[0m
[38;2;89;113;65m│[0m                                                                            [38;2;89;113;65m│[0m
[38;2;89;113;65m│[0m [38;2;107;131;84mspace play/pause · n/p track · / search · l like · a auth · t theme · v[m    [38;2;89;113;65m│[0m
[38;2;89;113;65m│[0m [38;2;107;131;84mviz [equalizer] · q quit[0m                                                   [38;2;89;113;65m│[0m
[38;2;89;113;65m╰────────────────────────────────────────────────────────────────────────────╯[0m