[38;2;89;113;65m╭────────────────────────────────────────────────────────────────────────────╮[0m
[38;2;89;113;65m│[0m [1;38;2;184;211;154mStrobe[0m                                                                     [38;2;89;113;65m│[0m
[38;2;89;113;65m│[0m [38;2;168;201;137mdeadmau5[0m                                                                   [38;2;89;113;65m│[0m
[38;2;89;113;65m│[0m [3;38;2;107;131;84mFor Lack of a Better Name[0m                                                  [38;2;89;113;65m│[0m
[38;2;89;113;65m│[0m                                                                            [38;2;89;113;65m│[0m
[38;2;89;113;65m│[0m [38;2;184;211;154m━━━━━━━━━━━━━[0m[38;2;60;79;43m───────────────────────────────────────────────────────────[0m[38;2;107;131;84m[m   [38;2;89;113;65m│[0m
[38;2;89;113;65m│[0m [38;2;107;131;84m2:00 / 10:34[0m                                                               [38;2;89;113;65m│[0m
[38;2;89;113;65m│[0m [38;2;184;211;154m[PAUSED]  vol 72  stub[0m                                                     [38;2;89;113;65m│[0m
[38;2;89;113;65m│[0m                                                                            [38;2;89;113;65m│[0m
[38;2;89;113;65m│[0m [38;2;107;131;84mspace play/pause · n next · p prev · t theme (matrix) · q quit[0m             [38;2;89;113;65m│[0m
[38;2;89;113;65m╰────────────────────────────────────────────────────────────────────────────╯[0m